******************************************************************************
                  TI ARM Linker PC v20.2.7                     
******************************************************************************
>> Linked Tue Dec  5 12:50:23 2023

OUTPUT FILE NAME:   <lab8.out>
ENTRY POINT SYMBOL: "_c_int00_noargs"  address: 0000318d


MEMORY CONFIGURATION

         name            origin    length      used     unused   attr    fill
----------------------  --------  ---------  --------  --------  ----  --------
  FLASH                 00000000   00040000  00003455  0003cbab  R  X
  SRAM                  20000000   00008000  00001439  00006bc7  RW X


SEGMENT ALLOCATION MAP

run origin  load origin   length   init length attrs members
----------  ----------- ---------- ----------- ----- -------
00000000    00000000    00003458   00003458    r-x
  00000000    00000000    0000026c   0000026c    r-- .intvecs
  0000026c    0000026c    000030b8   000030b8    r-x .text
  00003324    00003324    00000101   00000101    r-- .const
  00003428    00003428    00000030   00000030    r-- .cinit
20000000    20000000    00001439   00000000    rw-
  20000000    20000000    00001000   00000000    rw- .stack
  20001000    20001000    00000418   00000000    rw- .data
  20001418    20001418    00000021   00000000    rw- .bss


SECTION ALLOCATION MAP

 output                                  attributes/
section   page    origin      length       input sections
--------  ----  ----------  ----------   ----------------
.intvecs   0    00000000    0000026c     
                  00000000    0000026c     tm4c123gh6pm_startup_ccs.obj (.intvecs)

.text      0    0000026c    000030b8     
                  0000026c    00000f30     main_8.obj (.text)
                  0000119c    00000a4e     rtsv7M4_T_le_v4SPD16_eabi.lib : _printfi.c.obj (.text:__TI_printfi)
                  00001bea    00000002                                   : div0.asm.obj (.text)
                  00001bec    00000270                                   : _printfi.c.obj (.text:_pconv_a)
                  00001e5c    000001d0                                   : _printfi.c.obj (.text:_pconv_g)
                  0000202c    000001b6                                   : fd_add_t2.asm.obj (.text)
                  000021e2    00000002     --HOLE-- [fill = 0]
                  000021e4    00000164     uart0.obj (.text)
                  00002348    0000013c     rtsv7M4_T_le_v4SPD16_eabi.lib : _printfi.c.obj (.text:_pconv_e)
                  00002484    00000136                                   : fd_div_t2.asm.obj (.text)
                  000025ba    00000002     --HOLE-- [fill = 0]
                  000025bc    00000124                                   : _printfi.c.obj (.text:fcvt)
                  000026e0    00000118     rgb_led.obj (.text)
                  000027f8    00000110     rtsv7M4_T_le_v4SPD16_eabi.lib : s_scalbn.c.obj (.text:scalbn)
                  00002908    000000fc                                   : fd_mul_t2.asm.obj (.text)
                  00002a04    000000b1                                   : _printfi.c.obj (.text:_ltostr)
                  00002ab5    00000001     --HOLE-- [fill = 0]
                  00002ab6    0000009c                                   : memcpy_t2.asm.obj (.text)
                  00002b52    00000096                                   : ull_div_t2.asm.obj (.text)
                  00002be8    00000086                                   : fd_cmp_t2.asm.obj (.text:__aeabi_cdcmple)
                  00002c6e    00000086                                   : fd_cmp_t2.asm.obj (.text:__aeabi_cdrcmple)
                  00002cf4    00000084     eeprom.obj (.text)
                  00002d78    0000007a     rtsv7M4_T_le_v4SPD16_eabi.lib : memset_t2.asm.obj (.text)
                  00002df2    0000006e                                   : _printfi.c.obj (.text:_mcpy)
                  00002e60    00000068                                   : copy_decompress_lzss.c.obj (.text:decompress:lzss:__TI_decompress_lzss)
                  00002ec8    00000064                                   : s_frexp.c.obj (.text:frexp)
                  00002f2c    00000056                                   : _printfi.c.obj (.text:_pconv_f)
                  00002f82    00000054                                   : _ltoa.c.obj (.text:__TI_ltoa)
                  00002fd6    00000052                                   : _printfi.c.obj (.text:_ecpy)
                  00003028    0000004c                                   : atoi.c.obj (.text:atoi)
                  00003074    0000004c                                   : snprintf.c.obj (.text:snprintf)
                  000030c0    00000048                                   : fd_toi_t2.asm.obj (.text)
                  00003108    00000044                                   : autoinit.c.obj (.text:__TI_auto_init_nobinit_nopinit:__TI_auto_init_nobinit_nopinit)
                  0000314c    0000003e                                   : _printfi.c.obj (.text:_fcpy)
                  0000318a    00000002     --HOLE-- [fill = 0]
                  0000318c    00000034                                   : boot_cortex_m.c.obj (.text:_c_int00_noargs:_c_int00_noargs)
                  000031c0    00000030                                   : snprintf.c.obj (.text:_outs)
                  000031f0    0000002e                                   : i_tofd_t2.asm.obj (.text)
                  0000321e    00000024     wait.obj (.text)
                  00003242    0000001c     rtsv7M4_T_le_v4SPD16_eabi.lib : copy_zero_init.c.obj (.text:decompress:ZI:__TI_zero_init_nomemset:__TI_zero_init_nomemset)
                  0000325e    0000001c                                   : memccpy.c.obj (.text:memccpy)
                  0000327a    0000001a                                   : s_copysign.c.obj (.text:copysign)
                  00003294    00000018                                   : snprintf.c.obj (.text:_outc)
                  000032ac    00000016                                   : strchr.c.obj (.text:strchr)
                  000032c2    00000014                                   : strlen.c.obj (.text:strlen)
                  000032d6    00000012                                   : wcslen.c.obj (.text:wcslen)
                  000032e8    00000010     clock.obj (.text)
                  000032f8    0000000e     rtsv7M4_T_le_v4SPD16_eabi.lib : copy_decompress_none.c.obj (.text:decompress:none:__TI_decompress_none)
                  00003306    0000000c     tm4c123gh6pm_startup_ccs.obj (.text)
                  00003312    00000002     --HOLE-- [fill = 0]
                  00003314    00000008     rtsv7M4_T_le_v4SPD16_eabi.lib : errno.c.obj (.text:__aeabi_errno_addr)
                  0000331c    00000004                                   : pre_init.c.obj (.text:_system_pre_init)
                  00003320    00000004                                   : exit.c.obj (.text:abort:abort)

.const     0    00003324    00000101     
                  00003324    00000101     rtsv7M4_T_le_v4SPD16_eabi.lib : ctype.c.obj (.const:.string:_ctypes_)

.cinit     0    00003428    00000030     
                  00003428    0000000c     (.cinit..data.load) [load image, compression = lzss]
                  00003434    0000000c     (__TI_handler_table)
                  00003440    00000008     (.cinit..bss.load) [load image, compression = zero_init]
                  00003448    00000010     (__TI_cinit_table)

.init_array 
*          0    00000000    00000000     UNINITIALIZED

.data      0    20001000    00000418     UNINITIALIZED
                  20001000    00000201     main_8.obj (.data:RBuffer)
                  20001201    00000200     main_8.obj (.data:dmx)
                  20001401    00000003     --HOLE--
                  20001404    00000010     main_8.obj (.data)
                  20001414    00000004     rtsv7M4_T_le_v4SPD16_eabi.lib : errno.c.obj (.data)

.bss       0    20001418    00000021     UNINITIALIZED
                  20001418    00000004     (.common:N)
                  2000141c    00000004     (.common:Val)
                  20001420    00000004     (.common:duration)
                  20001424    00000002     (.common:PC)
                  20001426    00000002     (.common:count)
                  20001428    00000002     (.common:diff)
                  2000142a    00000002     (.common:firstValue)
                  2000142c    00000002     (.common:lastValue)
                  2000142e    00000002     (.common:pulseadd)
                  20001430    00000002     (.common:rampadd)
                  20001432    00000002     (.common:rc)
                  20001434    00000002     (.common:startValue)
                  20001436    00000002     (.common:stopValue)
                  20001438    00000001     (.common:F)

.stack     0    20000000    00001000     UNINITIALIZED
                  20000000    00000004     rtsv7M4_T_le_v4SPD16_eabi.lib : boot_cortex_m.c.obj (.stack)
                  20000004    00000ffc     --HOLE--

__llvm_prf_cnts 
*          0    20000000    00000000     UNINITIALIZED

MODULE SUMMARY

       Module                         code    ro data   rw data
       ------                         ----    -------   -------
    .\
       main_8.obj                     3888    0         1074   
       tm4c123gh6pm_startup_ccs.obj   12      620       0      
       uart0.obj                      356     0         0      
       rgb_led.obj                    280     0         0      
       eeprom.obj                     132     0         0      
       wait.obj                       36      0         0      
       clock.obj                      16      0         0      
    +--+------------------------------+-------+---------+---------+
       Total:                         4720    620       1074   
                                                               
    C:\ti\ccs1110\ccs\tools\compiler\ti-cgt-arm_20.2.7.LTS\lib\rtsv7M4_T_le_v4SPD16_eabi.lib
       _printfi.c.obj                 4851    0         0      
       fd_add_t2.asm.obj              438     0         0      
       fd_div_t2.asm.obj              310     0         0      
       s_scalbn.c.obj                 272     0         0      
       fd_cmp_t2.asm.obj              268     0         0      
       ctype.c.obj                    0       257       0      
       fd_mul_t2.asm.obj              252     0         0      
       memcpy_t2.asm.obj              156     0         0      
       ull_div_t2.asm.obj             150     0         0      
       snprintf.c.obj                 148     0         0      
       memset_t2.asm.obj              122     0         0      
       copy_decompress_lzss.c.obj     104     0         0      
       s_frexp.c.obj                  100     0         0      
       _ltoa.c.obj                    84      0         0      
       atoi.c.obj                     76      0         0      
       fd_toi_t2.asm.obj              72      0         0      
       autoinit.c.obj                 68      0         0      
       boot_cortex_m.c.obj            52      0         0      
       i_tofd_t2.asm.obj              46      0         0      
       copy_zero_init.c.obj           28      0         0      
       memccpy.c.obj                  28      0         0      
       s_copysign.c.obj               26      0         0      
       strchr.c.obj                   22      0         0      
       strlen.c.obj                   20      0         0      
       wcslen.c.obj                   18      0         0      
       copy_decompress_none.c.obj     14      0         0      
       errno.c.obj                    8       0         4      
       exit.c.obj                     4       0         0      
       pre_init.c.obj                 4       0         0      
       div0.asm.obj                   2       0         0      
    +--+------------------------------+-------+---------+---------+
       Total:                         7743    257       4      
                                                               
       Stack:                         0       0         4096   
       Linker Generated:              0       48        0      
    +--+------------------------------+-------+---------+---------+
       Grand Total:                   12463   925       5174   


LINKER GENERATED COPY TABLES

__TI_cinit_table @ 00003448 records: 2, size/record: 8, table size: 16
	.data: load addr=00003428, load size=0000000c bytes, run addr=20001000, run size=00000418 bytes, compression=lzss
	.bss: load addr=00003440, load size=00000008 bytes, run addr=20001418, run size=00000021 bytes, compression=zero_init


LINKER GENERATED HANDLER TABLE

__TI_handler_table @ 00003434 records: 3, size/record: 4, table size: 12
	index: 0, handler: __TI_decompress_lzss
	index: 1, handler: __TI_decompress_none
	index: 2, handler: __TI_zero_init


GLOBAL SYMBOLS: SORTED ALPHABETICALLY BY Name 

address   name                          
-------   ----                          
2000140c  Add                           
2000140e  Address2                      
00003321  C$$EXIT                       
0000099f  Configcommand                 
20001438  F                             
20001418  N                             
20001424  PC                            
20001404  R                             
20001000  RBuffer                       
00003307  ResetISR                      
000004bd  UART4_ISR                     
2000141c  Val                           
20001000  __STACK_END                   
00001000  __STACK_SIZE                  
20000200  __STACK_TOP                   
00003448  __TI_CINIT_Base               
00003458  __TI_CINIT_Limit              
00003434  __TI_Handler_Table_Base       
00003440  __TI_Handler_Table_Limit      
00003109  __TI_auto_init_nobinit_nopinit
00002e61  __TI_decompress_lzss          
000032f9  __TI_decompress_none          
00002f83  __TI_ltoa                     
ffffffff  __TI_pprof_out_hndl           
0000119d  __TI_printfi                  
ffffffff  __TI_prof_data_size           
ffffffff  __TI_prof_data_start          
00000000  __TI_static_base__            
00003243  __TI_zero_init_nomemset       
00002be9  __aeabi_cdcmpeq               
00002be9  __aeabi_cdcmple               
00002c6f  __aeabi_cdrcmple              
000030c1  __aeabi_d2iz                  
00002037  __aeabi_dadd                  
00002485  __aeabi_ddiv                  
00002909  __aeabi_dmul                  
0000202d  __aeabi_dsub                  
00003315  __aeabi_errno_addr            
000031f1  __aeabi_i2d                   
00001beb  __aeabi_idiv0                 
00001beb  __aeabi_ldiv0                 
00002d79  __aeabi_memclr                
00002d79  __aeabi_memclr4               
00002d79  __aeabi_memclr8               
00002ab7  __aeabi_memcpy                
00002ab7  __aeabi_memcpy4               
00002ab7  __aeabi_memcpy8               
00002d7b  __aeabi_memset                
00002d7b  __aeabi_memset4               
00002d7b  __aeabi_memset8               
00002b53  __aeabi_uldivmod              
ffffffff  __binit__                     
ffffffff  __c_args__                    
UNDEFED   __mpu_init                    
20000000  __stack                       
20000000  __start___llvm_prf_cnts       
20000000  __stop___llvm_prf_cnts        
0000318d  _c_int00_noargs               
00003324  _ctypes_                      
UNDEFED   _system_post_cinit            
0000331d  _system_pre_init              
00003321  abort                         
00003029  atoi                          
ffffffff  binit                         
00000e91  clearDataValues               
0000327b  copysign                      
0000327b  copysignl                     
20001426  count                         
20001410  deviceAdd                     
20001428  diff                          
20001201  dmx                           
20001420  duration                      
000002eb  enableTimer                   
0000031d  enableTimer2                  
20001414  errno                         
2000142a  firstValue                    
00002ec9  frexp                         
00002ec9  frexpl                        
00000000  g_pfnVectors                  
000008f9  getFieldInteger               
000008c9  getFieldString                
00000f11  getSingleDataValue            
000022e5  getcUart0                     
00000537  getsUart0                     
00002cf5  initEeprom                    
0000026d  initHw                        
000026e1  initRgb                       
000032e9  initSystemClockTo40Mhz        
0000043d  initUART4                     
000021e5  initUart0                     
00000917  isCommand                     
000022f9  kbhitUart0                    
000005cd  kbhitUart4                    
2000142c  lastValue                     
000027f9  ldexp                         
000027f9  ldexpl                        
00000a25  loadfromEeprom                
00000b99  main                          
0000325f  memccpy                       
00002ab7  memcpy                        
00002d81  memset                        
0000069d  parseFields                   
00001089  pulseData                     
2000142e  pulseadd                      
0000229d  putcUart0                     
000022b9  putsUart0                     
00000fc1  rampData                      
20001430  rampadd                       
20001432  rc                            
00002d3d  readEeprom                    
000027f9  scalbn                        
000027f9  scalbnl                       
00002789  setRgbColor                   
00000ec9  setSingleDataValue            
00002259  setUart0BaudRate              
000002d5  setbreak                      
000003d5  setbreak2                     
00003075  snprintf                      
20001434  startValue                    
20001436  stopValue                     
000032ad  strchr                        
000032c3  strlen                        
0000034f  t1ISR                         
000003eb  t2ISR                         
20001408  temp                          
0000321f  waitMicrosecond               
000032d7  wcslen                        
00002d0b  writeEeprom                   


GLOBAL SYMBOLS: SORTED BY Symbol Address 

address   name                          
-------   ----                          
00000000  __TI_static_base__            
00000000  g_pfnVectors                  
0000026d  initHw                        
000002d5  setbreak                      
000002eb  enableTimer                   
0000031d  enableTimer2                  
0000034f  t1ISR                         
000003d5  setbreak2                     
000003eb  t2ISR                         
0000043d  initUART4                     
000004bd  UART4_ISR                     
00000537  getsUart0                     
000005cd  kbhitUart4                    
0000069d  parseFields                   
000008c9  getFieldString                
000008f9  getFieldInteger               
00000917  isCommand                     
0000099f  Configcommand                 
00000a25  loadfromEeprom                
00000b99  main                          
00000e91  clearDataValues               
00000ec9  setSingleDataValue            
00000f11  getSingleDataValue            
00000fc1  rampData                      
00001000  __STACK_SIZE                  
00001089  pulseData                     
0000119d  __TI_printfi                  
00001beb  __aeabi_idiv0                 
00001beb  __aeabi_ldiv0                 
0000202d  __aeabi_dsub                  
00002037  __aeabi_dadd                  
000021e5  initUart0                     
00002259  setUart0BaudRate              
0000229d  putcUart0                     
000022b9  putsUart0                     
000022e5  getcUart0                     
000022f9  kbhitUart0                    
00002485  __aeabi_ddiv                  
000026e1  initRgb                       
00002789  setRgbColor                   
000027f9  ldexp                         
000027f9  ldexpl                        
000027f9  scalbn                        
000027f9  scalbnl                       
00002909  __aeabi_dmul                  
00002ab7  __aeabi_memcpy                
00002ab7  __aeabi_memcpy4               
00002ab7  __aeabi_memcpy8               
00002ab7  memcpy                        
00002b53  __aeabi_uldivmod              
00002be9  __aeabi_cdcmpeq               
00002be9  __aeabi_cdcmple               
00002c6f  __aeabi_cdrcmple              
00002cf5  initEeprom                    
00002d0b  writeEeprom                   
00002d3d  readEeprom                    
00002d79  __aeabi_memclr                
00002d79  __aeabi_memclr4               
00002d79  __aeabi_memclr8               
00002d7b  __aeabi_memset                
00002d7b  __aeabi_memset4               
00002d7b  __aeabi_memset8               
00002d81  memset                        
00002e61  __TI_decompress_lzss          
00002ec9  frexp                         
00002ec9  frexpl                        
00002f83  __TI_ltoa                     
00003029  atoi                          
00003075  snprintf                      
000030c1  __aeabi_d2iz                  
00003109  __TI_auto_init_nobinit_nopinit
0000318d  _c_int00_noargs               
000031f1  __aeabi_i2d                   
0000321f  waitMicrosecond               
00003243  __TI_zero_init_nomemset       
0000325f  memccpy                       
0000327b  copysign                      
0000327b  copysignl                     
000032ad  strchr                        
000032c3  strlen                        
000032d7  wcslen                        
000032e9  initSystemClockTo40Mhz        
000032f9  __TI_decompress_none          
00003307  ResetISR                      
00003315  __aeabi_errno_addr            
0000331d  _system_pre_init              
00003321  C$$EXIT                       
00003321  abort                         
00003324  _ctypes_                      
00003434  __TI_Handler_Table_Base       
00003440  __TI_Handler_Table_Limit      
00003448  __TI_CINIT_Base               
00003458  __TI_CINIT_Limit              
20000000  __stack                       
20000000  __start___llvm_prf_cnts       
20000000  __stop___llvm_prf_cnts        
20000200  __STACK_TOP                   
20001000  RBuffer                       
20001000  __STACK_END                   
20001201  dmx                           
20001404  R                             
20001408  temp                          
2000140c  Add                           
2000140e  Address2                      
20001410  deviceAdd                     
20001414  errno                         
20001418  N                             
2000141c  Val                           
20001420  duration                      
20001424  PC                            
20001426  count                         
20001428  diff                          
2000142a  firstValue                    
2000142c  lastValue                     
2000142e  pulseadd                      
20001430  rampadd                       
20001432  rc                            
20001434  startValue                    
20001436  stopValue                     
20001438  F                             
ffffffff  __TI_pprof_out_hndl           
ffffffff  __TI_prof_data_size           
ffffffff  __TI_prof_data_start          
ffffffff  __binit__                     
ffffffff  __c_args__                    
ffffffff  binit                         
UNDEFED   __mpu_init                    
UNDEFED   _system_post_cinit            

[128 symbols]
